RX         drawing         2     0     
RX         exclude         2     2     
RX         label           2     20    
RX         pin             2     32    
RX         fill            2     35    
RX         sram            2     45    
RX         ing             2     84    
RX         net             2     98    
T3         drawing         3     0     
T3         label           3     20    
T3         pin             3     32    
NW         drawing         4     0     
NW         label           4     20    
NW         pin             4     32    
NW         res             4     61    
NW         net             4     98
BF         drawing         5     0     
BFMOAT     drawing         5     5     
HN         drawing         6     2     
HP         drawing         6     3     
PC         drawing         7     0     
PC         exclude         7     2     
PC         ing             7     4     
RP         drawing         7     9     
PC         label           7     20    
PC         lvsres          7     22    
PC         pin             7     32    
PC         obs             7     34    
PC         fill            7     35    
PC         fuse            7     44    
PC         sram            7     45    
PC         ingast          7     84    
PC         crit            7     95    
PC         net             7     99    
BH         drawing         8     0     
PH         drawing         9     0     
BP         drawing         10    0     
BN         drawing         11    0     
XW         drawing         12    1     
LW         drawing         12    3     
DG         drawing         12    4     
DE         drawing         12    7     
NR         drawing         12    8     
PR         drawing         12    9     
DF         drawing         12    12    
AE         drawing         12    18    
DG         v               12    21    
VAR        drawing         12    24    
NV         drawing         12    30    
PV         drawing         12    31    
IND        drawing         12    38    
EG         drawing         12    43    
NCAP       drawing         12    47    
SBLK       drawing         12    48    
LVT        drawing         12    50    
BIPOLAR    drawing         12    54    
PROBE      drawing         12    62    
XR         drawing         12    66    
GUARDRNG   drawing         12    71    
IG         drawing         12    72    
ESD        drawing         12    82    
INJECTOR   cde             12    84    
PCAP       drawing         12    86    
ESD        cdm             12    88    
ESD        hbm             12    94    
ESD        hbmsp           12    97    
EFUSE      drawing         12    98    
JD         drawing         12    101   
HB         drawing         12    103   
ZVT        drawing         12    105   
HVT        drawing         12    106   
IN         drawing         12    125   
IP         drawing         12    126   
JN         drawing         12    127   
JP         drawing         12    128   
CLVS       drawing         12    144   
ZP         drawing         12    154   
OVERDRIVE  drawing         12    163   
KN         drawing         12    188   
KP         drawing         12    189   
GN         drawing         12    195   
GP         drawing         12    196   
IG         v               12    197   
PRES       drawing         12    201   
BP         waiver2         12    206   
BP         waiver3         12    207   
SRC        drawing         12    211   
ADM        drawing         12    212   
LS         drawing         12    217   
SM         drawing         12    218   
ESD        stack           12    219   
DRES       drawing         12    222   
WLINE      drawing         12    224   
DG         v12             12    225   
ESD        clamp           12    227   
SRMWRDLN   drawing         12    229   
DNS        sram            12    230   
STD        sram            12    231   
DPR        sram            12    232   
HVT        v               12    240   
CA         drawing         14    0     
CA         bar             14    1     
CA         obs             14    34    
CA         fill            14    35    
CA         sram            14    45    
CA         esdf            14    62    
CA         ing             14    84    
CA         rec             14    88    
CA         net             14    98    
CA         hole            14    100   
M1         drawing         15    0     
M1         hole            15    1     
M1         exclude         15    2     
M1         trans           15    18    
M1         label           15    20    
M1         lvsres          15    22    
M1         pin             15    32    
M1         obs             15    34    
M1         fill            15    35    
M1         waiver1         15    45    
M1         chexcl          15    47    
M1         esd             15    60    
M1         esdf            15    62    
VNCAP      m1              15    80    
M1         ing             15    84    
M1         plane           15    89    
M1         imagelvs        15    90    
M1         viaimagelvs     15    91    
M1         net             15    98    
V1         drawing         16    0     
V1         bar             16    1     
V1         exclude         16    3     
V1         rv              16    5     
V1         obs             16    34    
V1         fill            16    35    
V1         hole            16    51    
V1         esdf            16    62    
V1         ing             16    84    
M2         drawing         17    0     
M2         hole            17    1     
M2         exclude         17    2     
M2         trans           17    18    
M2         label           17    20    
M2         lvsres          17    22    
M2         pin             17    32    
M2         obs             17    34    
M2         fill            17    35    
M2         chexcl          17    47    
M2         esd             17    60    
M2         esdf            17    62    
VNCAP      m2              17    80    
M2         ing             17    84    
M2         plane           17    89    
M2         imagelvs        17    90    
M2         viaimagelvs     17    91    
M2         net             17    98    
V2         drawing         18    0     
V2         bar             18    1     
V2         exclude         18    3     
V2         rv              18    5     
V2         obs             18    34    
V2         fill            18    35    
V2         hole            18    51    
V2         esdf            18    62    
V2         ing             18    84    
M3         drawing         19    0     
M3         hole            19    1     
M3         exclude         19    2     
M3         trans           19    18    
M3         label           19    20    
M3         lvsres          19    22    
M3         pin             19    32    
M3         obs             19    34    
M3         fill            19    35    
M3         chexcl          19    47    
M3         esd             19    60    
M3         esdf            19    62    
VNCAP      m3              19    80    
M3         ing             19    84    
M3         plane           19    89    
M3         imagelvs        19    90    
M3         viaimagelvs     19    91    
M3         net             19    98    
V3         drawing         20    0     
V3         bar             20    1     
V3         exclude         20    3     
V3         rv              20    5     
V3         obs             20    34    
V3         fill            20    35    
V3         hole            20    51    
V3         esdf            20    62    
V3         ing             20    84    
M4         drawing         21    0     
M4         hole            21    1     
M4         exclude         21    2     
M4         trans           21    18    
M4         label           21    20    
M4         lvsres          21    22    
M4         pin             21    32    
M4         obs             21    34    
M4         fill            21    35    
M4         chexcl          21    47    
M4         esd             21    60    
M4         esdf            21    62    
VNCAP      m4              21    80    
M4         ing             21    84    
M4         plane           21    89    
M4         imagelvs        21    90    
M4         viaimagelvs     21    91    
M4         net             21    98    
V4         drawing         22    0     
V4         bar             22    1     
V4         exclude         22    3     
V4         rv              22    5     
V4         obs             22    34    
V4         fill            22    35    
V4         hole            22    51    
V4         esdf            22    62    
V4         ing             22    84    
TV         drawing         26    0     
TVDUMMY    drawing         26    1     
TV         obs             26    34    
DV         drawing         27    1     
DV         obs             27    35    
LV         drawing         28    0     
LVDUMMY    drawing         28    1     
LV         obs             28    34    
QT         drawing         30    4     
HT         drawing         30    20    
M5         drawing         31    0     
M5         hole            31    1     
M5         exclude         31    2     
M5         trans           31    18    
M5         label           31    20    
M5         lvsres          31    22    
M5         pin             31    32    
M5         obs             31    34    
M5         fill            31    35    
M5         chexcl          31    47    
M5         esd             31    60    
M5         esdf            31    62    
VNCAP      m5              31    80    
M5         ing             31    84    
M5         plane           31    89    
M5         imagelvs        31    90    
M5         viaimagelvs     31    91    
M5         net             31    98    
V5         drawing         32    0     
V5         bar             32    1     
V5         exclude         32    3     
V5         rv              32    5     
V5         obs             32    34    
V5         fill            32    35    
V5         hole            32    51    
V5         esdf            32    62    
V5         ing             32    84    
OP         drawing         37    0     
OP         socket          37    27    
C4         drawing         41    0     
C4         pad             41    2     
C4         pll             41    3     
C4         net             41    20    
BONDPAD    drawing         41    25    
C4         label           42    0     
M6         drawing         44    0     
M6         hole            44    1     
M6         exclude         44    2     
M6         trans           44    18    
M6         label           44    20    
M6         lvsres          44    22    
M6         pin             44    32    
M6         obs             44    34    
M6         fill            44    35    
M6         chexcl          44    47    
M6         esd             44    60    
M6         esdf            44    62    
VNCAP      m6              44    80    
M6         ing             44    84    
M6         plane           44    89    
M6         imagelvs        44    90    
M6         viaimagelvs     44    91    
M6         net             44    98    
V6         drawing         45    0     
V6         bar             45    1     
V6         exclude         45    3     
V6         rv              45    5     
V6         obs             45    34    
V6         fill            45    35    
V6         hole            45    51    
V6         esdf            45    62    
V6         ing             45    84    
edgeLayer  drawing         60    0     
edgeLayer  pin             60    32    
QQQUSER    drawing         61    0     
METH       a1              61    1
METH       a2              61    2
SXCUT      drawing         61    30    
SXCUT      label           61    31    
SXCUT      pin             61    33    
SXCUT      net             61    98
WAIVER     waiver1         62    0     
CHIPEDGE   drawing         62    1     
DIODE      drawing         62    4     
LOGOBND    drawing         62    5     
ALPHA      drawing         62    20    
OUTLINE    drawing         62    21    
prBoundary label           62    22    
ALPHA      audit           62    25    
C4TAG      drawing         62    31    
ALPHA      image1          62    40    
ALPHA      image2          62    41    
OUTLINE    rf              62    65    
VNCAP      drawing         62    120   
OUTLINE    spind           62    123   
text       drawing         63    0     
drive      drawing         63    3     
BP         waiver1         63    22    
ALPHA      ip              63    63    
ALPHA      dev             63    101   
OUTLINE    cellsnr         63    103   
VNCAP      parm            63    104   
VNCAP      count           63    105   
PCXPNE25   drawing         63    106   
LB         drawing         69    0     
LB         exclude         69    2     
LB         trans           69    18    
LB         label           69    20    
LB         lvsres          69    22    
LB         pin             69    32    
LB         obs             69    34    
LB         fill            69    35    
LB         esd             69    60    
LB         esdf            69    62    
LB         net             69    98    
VV         drawing         70    0     
VV         bar             70    1     
VV         obs             70    34    
VV         esdf            70    62    
W0         drawing         78    100   
W0         bar             78    101   
W0         exclude         78    103   
W0         rv              78    105   
W0         obs             78    134   
W0         fill            78    135   
W0         hole            78    151   
W0         esdf            78    162   
W0         ing             78    184   
B1         drawing         79    100   
B1         hole            79    101   
B1         exclude         79    102   
B1         label           79    120   
B1         lvsres          79    122   
B1         pin             79    132   
B1         obs             79    134   
B1         fill            79    135   
B1         chexcl          79    147   
B1         esd             79    160   
B1         esdf            79    162   
VNCAP      b1              79    180   
B1         ing             79    184   
B1         plane           79    189   
B1         net             79    198   
W1         drawing         80    100   
W1         bar             80    101   
W1         exclude         80    103   
W1         rv              80    105   
W1         obs             80    134   
W1         fill            80    135   
W1         hole            80    151   
W1         esdf            80    162   
W1         ing             80    184   
B2         drawing         81    100   
B2         hole            81    101   
B2         exclude         81    102   
B2         label           81    120   
B2         lvsres          81    122   
B2         pin             81    132   
B2         obs             81    134   
B2         fill            81    135   
B2         chexcl          81    147   
B2         esd             81    160   
B2         esdf            81    162   
VNCAP      b2              81    180   
B2         ing             81    184   
B2         plane           81    189   
B2         net             81    198   
W2         drawing         82    100   
W2         bar             82    101   
W2         exclude         82    103   
W2         rv              82    105   
W2         obs             82    134   
W2         fill            82    135   
W2         hole            82    151   
W2         esdf            82    162   
W2         ing             82    184   
B3         drawing         83    100   
B3         hole            83    101   
B3         exclude         83    102   
B3         label           83    120   
B3         lvsres          83    122   
B3         pin             83    132   
B3         obs             83    134   
B3         fill            83    135   
B3         chexcl          83    147   
B3         esd             83    160   
B3         esdf            83    162   
VNCAP      b3              83    180   
B3         ing             83    184   
B3         plane           83    189   
B3         net             83    198   
W3         drawing         84    100   
W3         bar             84    101   
W3         exclude         84    103   
W3         rv              84    105   
W3         obs             84    134   
W3         fill            84    135   
W3         hole            84    151   
W3         esdf            84    162   
W3         ing             84    184   
B4         drawing         85    100   
B4         hole            85    101   
B4         exclude         85    102   
B4         label           85    120   
B4         lvsres          85    122   
B4         pin             85    132   
B4         obs             85    134   
B4         fill            85    135   
B4         chexcl          85    147   
B4         esd             85    160   
B4         esdf            85    162   
VNCAP      b4              85    180   
B4         ing             85    184   
B4         plane           85    189   
B4         net             85    198   
WT         drawing         88    100   
WT         bar             88    101   
WT         obs             88    134   
WT         hole            88    151   
WT         esdf            88    162   
BA         drawing         89    100   
BA         hole            89    101   
BA         exclude         89    102   
BA         label           89    120   
BA         lvsres          89    122   
BA         pin             89    132   
BA         obs             89    134   
BA         fill            89    135   
BA         chexcl          89    147   
BA         esd             89    160   
BA         esdf            89    162   
VNCAP      ba              89    180   
BA         plane           89    189   
BA         net             89    198   
WA         drawing         90    100   
WA         bar             90    101   
WA         obs             90    134   
WA         hole            90    151   
WA         esdf            90    162   
BB         drawing         91    100   
BB         hole            91    101   
BB         exclude         91    102   
BB         label           91    120   
BB         lvsres          91    122   
BB         pin             91    132   
BB         obs             91    134   
BB         fill            91    135   
BB         chexcl          91    147   
BB         esd             91    160   
BB         esdf            91    162   
VNCAP      bb              91    180   
BB         plane           91    189   
BB         net             91    198   
WB         drawing         92    100   
WB         bar             92    101   
WB         obs             92    134   
WB         esdf            92    162   
BD         drawing         95    100   
BD         hole            95    101   
BD         exclude         95    102   
BD         label           95    120   
BD         lvsres          95    122   
BD         pin             95    132   
BD         obs             95    134   
BD         fill            95    135   
BD         chexcl          95    147   
BD         esd             95    160   
BD         esdf            95    162   
BD         plane           95    189   
BD         net             95    198   
WD         drawing         96    100   
WD         bar             96    101   
WD         esdf            96    162   
BE         drawing         97    100   
BE         hole            97    101   
BE         exclude         97    102   
BE         label           97    120   
BE         lvsres          97    122   
BE         pin             97    132   
BE         fill            97    135   
BE         chexcl          97    147   
BE         esd             97    160   
BE         esdf            97    162   
BE         plane           97    189   
BE         net             97    198   
kerfexcl   drawing         101   250   
PROTECT    drawing         102   18    
ACUTE      obs             102   34    
ACUTE      net             102   98    
BFCUS      drawing         104   3     
XR         waiver1         106   42    
XR         waiver2         106   43    
YT         drawing         110   100   
YT         bar             110   101   
YT         obs             110   134   
YT         hole            110   151   
YT         esdf            110   162   
EA         drawing         111   100   
EA         hole            111   101   
EA         exclude         111   102   
EA         label           111   120   
EA         lvsres          111   122   
EA         pin             111   132   
EA         obs             111   134   
EA         fill            111   135   
EA         chexcl          111   147   
EA         esd             111   160   
EA         esdf            111   162   
EA         plane           111   189   
EA         net             111   198   
YA         drawing         112   100   
YA         bar             112   101   
YA         obs             112   134   
YA         hole            112   151   
YA         esdf            112   162   
EB         drawing         113   100   
EB         hole            113   101   
EB         exclude         113   102   
EB         label           113   120   
EB         lvsres          113   122   
EB         pin             113   132   
EB         obs             113   134   
EB         fill            113   135   
EB         chexcl          113   147   
EB         esd             113   160   
EB         esdf            113   162   
EB         plane           113   189   
EB         net             113   198   
N3         drawing         115   0     
N3         label           115   20    
N3         lvsres          115   22    
N3         pin             115   32    
OA         drawing         139   0     
OA         hole            139   1     
OA         exclude         139   2     
OA         trans           139   18    
OA         label           139   20    
OA         lvsres          139   22    
OA         pin             139   32    
OA         obs             139   34    
OA         fill            139   35    
OA         chexcl          139   47    
OA         ing             139   84    
OA         net             139   98    
JT         drawing         141   0     
JT         bar             141   1     
JT         fill            141   35    
JT         hole            141   51    
JT         esdf            141   62    
JT         ing             141   84    
JA         drawing         142   0     
JA         bar             142   1     
BG         drawing         152   0     
BG         hole            152   1     
BG         exclude         152   2     
BG         label           152   20    
BG         lvsres          152   22    
BG         pin             152   32    
BG         fill            152   35    
BG         chexcl          152   47    
BG         plane           152   89    
BG         net             152   98    
WE         drawing         157   0     
WE         bar             157   1     
NT         drawing         174   0     
NT         bar             174   1     
NT         obs             174   34    
NT         fill            174   35    
NT         hole            174   51    
NT         ing             174   84    
LD         drawing         183   0     
LD         exclude         183   2     
LD         trans           183   18
LD         label           183   20    
LD         lvsres          183   22    
LD         pin             183   32    
LD         obs             183   34    
LD         fill            183   35    
LD         esd             183   60    
LD         esdf            183   62    
LD         net             183   98    
LVS        drawing         200   200   
LVS        drawing1        200   201   
LVS        drawing2        200   202   
LVS        drawing3        200   203   
LVS        drawing4        200   204   
LVS        drawing5        200   205   
LVS        drawing6        200   206   
LVS        drawing7        200   207   
LVS        drawing8        200   208   
LVS        drawing9        200   209   
LVS1       drawing         200   210   
LVS1       drawing1        200   211   
LVS1       drawing2        200   212   
LVS1       drawing3        200   213   
LVS1       drawing4        200   214   
LVS1       drawing5        200   215   
LVS1       drawing6        200   216   
LVS1       drawing7        200   217   
LVS1       drawing8        200   218   
LVS1       drawing9        200   219   
LVS2       drawing         200   220   
LVS2       drawing1        200   221   
LVS2       drawing2        200   222   
LVS2       drawing3        200   223   
LVS2       drawing4        200   224   
ERC        drawing         200   225   
ERC        drawing1        200   226   
ERC        drawing2        200   227   
ERC        drawing3        200   228   
ERC        drawing4        200   229   
ERC        drawing5        200   230   
ERC        drawing6        200   231   
ERC        drawing7        200   232   
ERC        drawing8        200   233   
ERC        drawing9        200   234   
ERC1       drawing         200   235   
ERC1       drawing1        200   236   
ERC1       drawing2        200   237   
ERC1       drawing3        200   238   
ERC1       drawing4        200   239   
ERC1       drawing5        200   240   
ERC1       drawing6        200   241   
ERC2       drawing         200   245   
ERC2       drawing1        200   246   
ERC2       drawing2        200   247   
ERC2       drawing3        200   248   
ERC2       drawing4        200   249   
JQ         drawing         201   0     
JQ         bar             201   1     
JQ         fill            201   35    
JQ         hole            201   51    
JQ         esdf            201   62    
JQ         ing             201   84    
OI         drawing         202   0     
OI         hole            202   1     
OI         exclude         202   2     
OI         trans           202   18
OI         label           202   20    
OI         lvsres          202   22    
OI         pin             202   32    
OI         obs             202   34    
OI         fill            202   35    
OI         chexcl          202   47    
OI         esd             202   60    
OI         esdf            202   62    
OI         ing             202   84    
OI         net             202   98    
OVERLAP    obs             212   5     
HVT        obs             212   7     
MACROACLV  drawing         212   9     
ESDSCR     hbm             212   16    
TRANSMIS   drawing         212   21    
SRAM       waiver7         212   26    
SRAM       waiver8         212   27    
SRAM       waiver9         212   28    
SRAM       waiver2         212   29    
SRAM       waiver1         212   30    
SRAM       waiver3         212   31    
SRAM       waiver5         212   32    
SRAM       waiver4         212   33    
SRAM       waiver6         212   34    
STD        rom             212   94    
SRAM       drawing1        212   98    
SRAM       drawing2        212   99    
SRAM       drawing3        212   100   
SRAM       drawing4        212   101   
prBoundary drawing         212   121   
NAT        drawing         212   128   
SRAM       drawing5        212   129   
SRAM       drawing6        212   130   
JX         drawing         212   137   
JZ         drawing         212   138   
RZ         drawing         212   143   
VPNP       drawing         212   148   
HAVAR      drawing         212   151   
