****************************************
Report : Statistical Average Power
Design : Alu
Version: A-2007.12-SP3
Date   : Wed Jun  9 09:00:33 2010
****************************************



  Attributes
  ----------
      i  -  Including register clock pin internal power
      u  -  User defined power group

                        Internal  Switching  Leakage    Total
Power Group             Power     Power      Power      Power   (     %)  Attrs
--------------------------------------------------------------------------------
io_pad                     0.0000    0.0000    0.0000    0.0000 ( 0.00%)  
memory                     0.0000    0.0000    0.0000    0.0000 ( 0.00%)  
black_box                  0.0000    0.0000    0.0000    0.0000 ( 0.00%)  
clock_network              0.0000    0.0000    0.0000    0.0000 ( 0.00%)  i
register                   0.0000    0.0000    0.0000    0.0000 ( 0.00%)  
combinational           9.606e-04 1.053e-03 1.295e-07 2.014e-03 (100.00%) 
sequential                 0.0000    0.0000    0.0000    0.0000 ( 0.00%)  

  Net Switching Power  = 1.053e-03   (52.30%)
  Cell Internal Power  = 9.606e-04   (47.70%)
  Cell Leakage Power   = 1.295e-07   ( 0.01%)
                         ---------
Total Power            = 2.014e-03  (100.00%)

1
