M1		DRAWING		1		0
M1		DRAWING		2		0
M1		PIN		3		0
M1		LEFPIN		4		0
M1		VIA		7		0
M1		LEFOBS		10		0
LABEL		M1/DRAWING		11		0
LABEL		M1/DRAWING		12		0
LABEL		M1/PIN		13		0
LABEL		M1/LEFPIN		14		0
V1		LEFPIN		15		0
V1		VIA		18		0
M2		DRAWING		21		0
M2		DRAWING		22		0
M2		PIN		23		0
M2		LEFPIN		24		0
M2		VIA		27		0
M2		LEFOBS		30		0
LABEL		M2/DRAWING		31		0
LABEL		M2/DRAWING		32		0
LABEL		M2/PIN		33		0
LABEL		M2/LEFPIN		34		0
V2		LEFPIN		35		0
V2		VIA		38		0
M3		DRAWING		41		0
M3		DRAWING		42		0
M3		PIN		43		0
M3		LEFPIN		44		0
M3		VIA		47		0
M3		LEFOBS		50		0
LABEL		M3/DRAWING		51		0
LABEL		M3/DRAWING		52		0
LABEL		M3/PIN		53		0
LABEL		M3/LEFPIN		54		0
V3		LEFPIN		55		0
V3		VIA		58		0
M4		DRAWING		61		0
M4		DRAWING		62		0
M4		PIN		63		0
M4		LEFPIN		64		0
M4		VIA		67		0
M4		LEFOBS		70		0
LABEL		M4/DRAWING		71		0
LABEL		M4/DRAWING		72		0
LABEL		M4/PIN		73		0
LABEL		M4/LEFPIN		74		0
V4		LEFPIN		75		0
V4		VIA		78		0
M5		DRAWING		81		0
M5		DRAWING		82		0
M5		PIN		83		0
M5		LEFPIN		84		0
M5		VIA		87		0
M5		LEFOBS		90		0
LABEL		M5/DRAWING		91		0
LABEL		M5/DRAWING		92		0
LABEL		M5/PIN		93		0
LABEL		M5/LEFPIN		94		0
NT		LEFPIN		95		0
NT		VIA		98		0
EA		DRAWING		101		0
EA		DRAWING		102		0
EA		PIN		103		0
EA		LEFPIN		104		0
EA		VIA		107		0
EA		LEFOBS		110		0
LABEL		EA/DRAWING		111		0
LABEL		EA/DRAWING		112		0
LABEL		EA/PIN		113		0
LABEL		EA/LEFPIN		114		0
LABEL		COMP		115		0
COMP		ALL		116		0
DIEAREA		ALL		117		0
